
    CRITICAL ALERT
    Time: Sun Apr 12 21:14:01 2026
    Severity: HIGH
    Emotion: angry
    Message: 
    

    CRITICAL ALERT
    Time: Sun Apr 12 21:16:56 2026
    Severity: HIGH
    Emotion: sad
    Message: hi ho are you doing
    

    CRITICAL ALERT
    Time: Sun Apr 12 21:17:12 2026
    Severity: HIGH
    Emotion: sad
    Message: hi ho are you doing
    
    
    
    CRITICAL ALERT
    Time: Sun Apr 12 21:19:19 2026
    Severity: HIGH
    Emotion: sad
    Message: hi ho are you doing
    
    

    CRITICAL ALERT
    Time: Sun Apr 12 21:21:00 2026
    Severity: HIGH
    Emotion: sad
    Message: hi ho are you doing
    

    CRITICAL ALERT
    Time: Sun Apr 12 21:22:00 2026
    Severity: HIGH
    Emotion: sad
    Message: hi ho are you doing

    

    CRITICAL ALERT
    Time: Sun Apr 12 21:25:39 2026
    Severity: HIGH
    Emotion: sad
    Message: 
    

    CRITICAL ALERT
    Time: Sun Apr 12 21:27:39 2026
    Severity: MODERATE
    Emotion: surprise
    Message: hi how are you
    

    CRITICAL ALERT
    Time: Sun Apr 12 22:28:26 2026
    Severity: HIGH
    Emotion: angry
    Message: 
    

    CRITICAL ALERT
    Time: Sun Apr 12 22:29:54 2026
    Severity: HIGH
    Emotion: sad
    Message: 
    

    CRITICAL ALERT
    Time: Sun Apr 12 22:31:54 2026
    Severity: HIGH
    Emotion: angry
    Message: 
    

    CRITICAL ALERT
    Time: Sun Apr 12 22:34:00 2026
    Severity: HIGH
    Emotion: sad
    Message: 
    

    CRITICAL ALERT
    Time: Sun Apr 12 22:36:14 2026
    Severity: HIGH
    Emotion: sad
    Message: 
    

    CRITICAL ALERT
    Time: Sun Apr 12 22:38:16 2026
    Severity: HIGH
    Emotion: sad
    Message: Hi, How are you doing
    

    CRITICAL ALERT
    Time: Sun Apr 12 22:40:16 2026
    Severity: HIGH
    Emotion: sad
    Message: Hi, How are you doing
    

    CRITICAL ALERT
    Time: Sun Apr 12 22:42:18 2026
    Severity: HIGH
    Emotion: sad
    Message: I am not able to focus on my tasks and feeling lonely.
    

    CRITICAL ALERT
    Time: Sun Apr 12 22:44:20 2026
    Severity: HIGH
    Emotion: sad
    Message: I am excited about the mission.
    

    CRITICAL ALERT
    Time: Sun Apr 12 22:47:00 2026
    Severity: HIGH
    Emotion: sad
    Message: I am excited about the mission.
    

    CRITICAL ALERT
    Time: Sun Apr 12 22:50:00 2026
    Severity: HIGH
    Emotion: sad
    Message: I am excited about the mission.
    

    CRITICAL ALERT
    Time: Sun Apr 12 22:53:00 2026
    Severity: HIGH
    Emotion: sad
    Message: I am excited about the mission.
    

    CRITICAL ALERT
    Time: Mon Apr 13 11:21:43 2026
    Severity: HIGH
    Emotion: angry
    Message: 
    

    CRITICAL ALERT
    Time: Mon Apr 13 11:23:44 2026
    Severity: HIGH
    Emotion: fear
    Message: Hi how are you doing
    

    CRITICAL ALERT
    Time: Mon Apr 13 11:25:52 2026
    Severity: MODERATE
    Emotion: disgust
    Message: Hi how are you doing
    

    CRITICAL ALERT
    Time: Mon Apr 13 11:27:52 2026
    Severity: MODERATE
    Emotion: disgust
    Message: Hi how are you doing
    

    CRITICAL ALERT
    Time: Mon Apr 13 11:29:54 2026
    Severity: HIGH
    Emotion: sad
    Message: hi iam feel diszy what is your suggest 

    

    CRITICAL ALERT
    Time: Mon Apr 13 11:31:54 2026
    Severity: MODERATE
    Emotion: disgust
    Message: suddenly i feel pain in my below chest whats the reason for it can analysis my situation 
    

    CRITICAL ALERT
    Time: Mon Apr 13 11:33:56 2026
    Severity: HIGH
    Emotion: fear
    Message: whats are the major reasons for my continuoes back pain 

    

    CRITICAL ALERT
    Time: Mon Apr 13 11:35:56 2026
    Severity: HIGH
    Emotion: fear
    Message: whats are the major reasons for my continuoes back pain 

    

    CRITICAL ALERT
    Time: Mon Apr 13 11:40:28 2026
    Severity: HIGH
    Emotion: angry
    Message: 
    

    CRITICAL ALERT
    Time: Mon Apr 13 11:59:05 2026
    Severity: HIGH
    Emotion: sad
    Message: 
    

    CRITICAL ALERT
    Time: Mon Apr 13 12:01:05 2026
    Severity: HIGH
    Emotion: angry
    Message: i am feeling a bit lonely is it because of family 
    

    CRITICAL ALERT
    Time: Mon Apr 13 12:03:07 2026
    Severity: HIGH
    Emotion: angry
    Message: i am feeling a bit lonely is it because of family 
    

    CRITICAL ALERT
    Time: Mon Apr 13 12:05:09 2026
    Severity: HIGH
    Emotion: angry
    Message: i am feeling a bit lonely is it because of family 
    

    CRITICAL ALERT
    Time: Mon Apr 13 12:07:09 2026
    Severity: HIGH
    Emotion: angry
    Message: i am feeling a bit lonely is it because of family 
    

    CRITICAL ALERT
    Time: Mon Apr 13 12:09:51 2026
    Severity: HIGH
    Emotion: angry
    Message: i am feeling a bit lonely is it because of family 
    

    CRITICAL ALERT
    Time: Mon Apr 13 13:11:51 2026
    Severity: HIGH
    Emotion: angry
    Message: 
    

    CRITICAL ALERT
    Time: Wed Apr 15 16:24:19 2026
    Severity: HIGH
    Emotion: sad
    Message: 
    
